Link 2 - 0 failed
